
/home/runner/work/exp-Linear-dimension-coordinates-dei/exp-Linear-dimension-coordinates-dei/experiment/simulation/js/basis.js
   1:10  warning  'ck21y' is defined but never used   no-unused-vars
   5:10  warning  'ck21n' is defined but never used   no-unused-vars
  11:10  warning  'ck22y' is defined but never used   no-unused-vars
  16:10  warning  'ck22n' is defined but never used   no-unused-vars
  22:10  warning  'ck23y' is defined but never used   no-unused-vars
  27:10  warning  'ck23n' is defined but never used   no-unused-vars
  33:10  warning  'reason' is defined but never used  no-unused-vars
  37:10  warning  'exmp1' is defined but never used   no-unused-vars
  42:10  warning  'exmp2' is defined but never used   no-unused-vars

/home/runner/work/exp-Linear-dimension-coordinates-dei/exp-Linear-dimension-coordinates-dei/experiment/simulation/js/js1.js
    2:14  warning  'exmp1' is defined but never used            no-unused-vars
   12:14  warning  'exmp2' is defined but never used            no-unused-vars
   21:14  warning  'c5ld' is defined but never used             no-unused-vars
   25:13  warning  'c5li' is defined but never used             no-unused-vars
   29:13  warning  'c1ld' is defined but never used             no-unused-vars
   33:13  warning  'c1li' is defined but never used             no-unused-vars
   37:13  warning  'c3ld' is defined but never used             no-unused-vars
   44:13  warning  'c3li' is defined but never used             no-unused-vars
   51:14  warning  'c3ii_ld' is defined but never used          no-unused-vars
   58:13  warning  'c3ii_li' is defined but never used          no-unused-vars
   65:14  warning  'case4i_ld' is defined but never used        no-unused-vars
   71:13  warning  'case4i_li' is defined but never used        no-unused-vars
   76:14  warning  'case4ii_ld' is defined but never used       no-unused-vars
   81:13  warning  'case4ii_li' is defined but never used       no-unused-vars
   89:10  warning  'validateInteger' is defined but never used  no-unused-vars
  130:14  warning  'checkDependence' is defined but never used  no-unused-vars

✖ 25 problems (0 errors, 25 warnings)

